exports[`test renders the correct footer information 1`] = `
<footer
  className="f6 bt b--black-20">
  <p>
    Say hello 
    <a
      href="twitter.com/farelyapp">
      @farelyapp
    </a>
  </p>
</footer>
`;
